                              [m[38;5;0mâ”Œâ”€â”€â”€â”€â”€â”€â”€â”€â”€â”€â”€â”€â”€â”€
                              [m[38;5;0mâ”‚[m[39m default                   [m[38;5;0mâ”‚
                              [m[38;5;0mâ”‚[m[39m                           [m[38;5;0mâ”‚
                              [m[38;5;0mâ”‚[m[39m                           [m[38;5;0mâ”‚
                              [m[38;5;0mâ”‚[m[39m                           [m[38;5;0mâ”‚
                              [m[38;5;0mâ”‚[m[39m                           [m[38;5;0mâ”‚
                              [m[38;5;0mâ”‚[m[39m                           [m[38;5;0mâ”‚
[m[38;5;1m[48;5;0m> [m[1;38;5;6m[48;5;0mdefault                     [m[38;5;0mâ”‚[m[39m                           [m[38;5;0mâ”‚
  [m[38;5;3m1/3                         [m[38;5;0mâ”‚[m[39m                           [m[38;5;0mâ”‚
[m[38;5;4m> [m[1;39mdefault[m[38;5;7mâ–ˆ                   [m[38;5;0mâ””â”€â”€â”€â”€â”€â”€â”€â”€â”€â”€â”€â”€â”€â”€
[m