                              [m[38;5;0mâ”Œâ”€â”€â”€â”€â”€â”€â”€â”€â”€â”€â”€â”€â”€â”€
                              [m[38;5;0mâ”‚[m[39m InstanceID: i-bbbbbb      [m[38;5;0mâ”‚
                              [m[38;5;0mâ”‚[m[39m tag:Name:                 [m[38;5;0mâ”‚
                              [m[38;5;0mâ”‚[m[39m InstanceType: t3.small    [m[38;5;0mâ”‚
                              [m[38;5;0mâ”‚[m[39m PublicIP: 12.34.56.02     [m[38;5;0mâ”‚
                              [m[38;5;0mâ”‚[m[39m PrivateIP:                [m[38;5;0mâ”‚
                              [m[38;5;0mâ”‚[m[39m                           [m[38;5;0mâ”‚
[m[38;5;1m[48;5;0m> [m[1;38;5;3m[48;5;0m[] [m[1;38;5;6m[48;5;0mi-b[m[1;38;5;3m[48;5;0mbbbbb (t3.small)      [m[38;5;0mâ”‚[m[39m                           [m[38;5;0mâ”‚
  [m[38;5;3m1/2                         [m[38;5;0mâ”‚[m[39m                           [m[38;5;0mâ”‚
[m[38;5;4m> [m[1;39mi-b[m[38;5;7mâ–ˆ                       [m[38;5;0mâ””â”€â”€â”€â”€â”€â”€â”€â”€â”€â”€â”€â”€â”€â”€
[m