                              [m[38;5;0mâ”Œâ”€â”€â”€â”€â”€â”€â”€â”€â”€â”€â”€â”€â”€â”€
                              [m[38;5;0mâ”‚[m[39m InstanceID: i-aaaaaa      [m[38;5;0mâ”‚
                              [m[38;5;0mâ”‚[m[39m tag:Name:                 [m[38;5;0mâ”‚
                              [m[38;5;0mâ”‚[m[39m InstanceType: t3.micro    [m[38;5;0mâ”‚
                              [m[38;5;0mâ”‚[m[39m PublicIP: 12.34.56.01     [m[38;5;0mâ”‚
                              [m[38;5;0mâ”‚[m[39m PrivateIP:                [m[38;5;0mâ”‚
  [] [m[38;5;2mi-[m[39mbbbbbb (t3.sm[m[38;5;2ma[m[39mll)      [m[38;5;0mâ”‚[m[39m                           [m[38;5;0mâ”‚
[m[38;5;1m[48;5;0m> [m[1;38;5;3m[48;5;0m[] [m[1;38;5;6m[48;5;0mi-a[m[1;38;5;3m[48;5;0maaaaa (t3.micro)      [m[38;5;0mâ”‚[m[39m                           [m[38;5;0mâ”‚
  [m[38;5;3m2/2                         [m[38;5;0mâ”‚[m[39m                           [m[38;5;0mâ”‚
[m[38;5;4m> [m[1;39mi-a[m[38;5;7mâ–ˆ                       [m[38;5;0mâ””â”€â”€â”€â”€â”€â”€â”€â”€â”€â”€â”€â”€â”€â”€
[m